
Allocating common symbols
Common symbol       size              file

netbufpool          0x4               binaries/net.o
readylist           0x2               binaries/ready.o
rfltab              0x5a0             binaries/rflinit.o
sleepq              0x2               binaries/clkinit.o
nnames              0x4               binaries/naminit.o
udptab              0x168             binaries/udp.o
minheap             0x4               binaries/meminit.o
marks               0x50              binaries/mark.o
currpid             0x4               binaries/initialize.o
Lf_data             0x20c             binaries/lfsinit.o
porttab             0x2d0             binaries/ptinit.o
girmask             0x2               binaries/evec.o
ttytab              0x10c             binaries/ttyinit.o
proctab             0x1f40            binaries/initialize.o
prcount             0x4               binaries/initialize.o
lfltab              0xf00             binaries/lflinit.o
rdstab              0x8c              binaries/rdsinit.o
ethertab            0x138             binaries/ethinit.o
NetData             0xa8              binaries/net.o
nmarks              0x4               binaries/mark.o
Defer               0x8               binaries/resched.o
semtab              0x4b0             binaries/initialize.o
maxheap             0x4               binaries/meminit.o
preempt             0x4               binaries/clkinit.o
buftab              0xf0              binaries/bufinit.o
Rf_data             0x18              binaries/rfsinit.o
mkmutex             0x4               binaries/mark.o
clktime             0x4               binaries/clkinit.o
arpcache            0x140             binaries/arp.o
icmptab             0x230             binaries/icmp.o
nbpools             0x4               binaries/bufinit.o
queuetab            0xfc0             binaries/queue.o
ptnextid            0x4               binaries/ptinit.o
Ram                 0x19000           binaries/raminit.o
ipoqueue            0x2c              binaries/ip.o
memlist             0x8               binaries/initialize.o
nametab             0x19a0            binaries/naminit.o
ptfree              0x4               binaries/ptinit.o

Memory Configuration

Name             Origin             Length             Attributes
*default*        0x0000000000000000 0xffffffffffffffff

Linker script and memory map

                0x0000000000100000                physbase = 0x100000
                0x0000000000100000                . = physbase
                0x0000000000100000                . = ALIGN (0x1000)

.text           0x0000000000100000    0x14000
                0x0000000000100000                text = ABSOLUTE (.)
 *(.text .text.*)
 .text          0x0000000000100000      0x1a8 binaries/start.o
                0x0000000000100024                start
                0x00000000001000f6                inb
                0x00000000001000fe                inw
                0x0000000000100107                inl
                0x000000000010010f                outb
                0x0000000000100119                outw
                0x0000000000100124                outl
                0x000000000010012e                _rtcin
                0x0000000000100139                ___udivsi3
                0x0000000000100144                ___divsi3
                0x0000000000100150                sbzero
                0x0000000000100160                bcopy
                0x0000000000100174                insw
                0x000000000010018a                outsw
                0x00000000001001a0                lidt
 .text          0x00000000001001a8      0x2d5 binaries/ascdate.o
                0x00000000001001a8                ascdate
 .text          0x000000000010047d       0x10 binaries/bufinit.o
                0x000000000010047d                bufinit
 .text          0x000000000010048d       0x32 binaries/cbhandler.o
                0x000000000010048d                cbhandler
 .text          0x00000000001004bf       0x67 binaries/cbreg.o
                0x00000000001004bf                cbreg
 .text          0x0000000000100526       0x65 binaries/chprio.o
                0x0000000000100526                chprio
 .text          0x000000000010058b       0x73 binaries/clkhandler.o
                0x000000000010058b                clkhandler
 .text          0x00000000001005fe       0x59 binaries/clkinit.o
                0x00000000001005fe                clkinit
 .text          0x0000000000100657       0x56 binaries/close.o
                0x0000000000100657                close
 .text          0x00000000001006ad        0x0 binaries/conf.o
 .text          0x00000000001006ad       0x5f binaries/control.o
                0x00000000001006ad                control
 .text          0x000000000010070c      0x25b binaries/create.o
                0x000000000010070c                create
 .text          0x0000000000100967      0x205 binaries/early_imr.o
                0x0000000000100967                intel_cln_early_sb_read_reg
                0x00000000001009bf                intel_cln_early_sb_write_reg
                0x0000000000100a6e                remove_irm_protections
 .text          0x0000000000100b6c      0x2d6 binaries/evec.o
                0x0000000000100b6c                setirmask
                0x0000000000100ba0                set_evec
                0x0000000000100bfc                initevec
                0x0000000000100ccb                trap
 .text          0x0000000000100e42       0x78 binaries/freebuf.o
                0x0000000000100e42                freebuf
 .text          0x0000000000100eba      0x107 binaries/freemem.o
                0x0000000000100eba                freemem
 .text          0x0000000000100fc1       0x65 binaries/getbuf.o
                0x0000000000100fc1                getbuf
 .text          0x0000000000101026       0x56 binaries/getc.o
                0x0000000000101026                getc
 .text          0x000000000010107c       0x63 binaries/getdev.o
                0x000000000010107c                getdev
 .text          0x00000000001010df       0x77 binaries/getitem.o
                0x00000000001010df                getitem
                0x000000000010110b                getfirst
                0x000000000010112e                getlast
 .text          0x0000000000101156       0xc2 binaries/getmem.o
                0x0000000000101156                getmem
 .text          0x0000000000101218        0x6 binaries/getpid.o
                0x0000000000101218                getpid
 .text          0x000000000010121e       0x56 binaries/getprio.o
                0x000000000010121e                getprio
 .text          0x0000000000101274       0xa5 binaries/getstk.o
                0x0000000000101274                getstk
 .text          0x0000000000101319       0x34 binaries/gettime.o
                0x0000000000101319                gettime
 .text          0x000000000010134d      0x191 binaries/getutime.o
                0x000000000010134d                getutime
 .text          0x00000000001014de       0x56 binaries/init.o
                0x00000000001014de                init
 .text          0x0000000000101534      0x240 binaries/initialize.o
                0x0000000000101534                nulluser
                0x000000000010172f                stop
                0x0000000000101751                delay
 .text          0x0000000000101774       0x98 binaries/insert.o
                0x0000000000101774                insert
 .text          0x000000000010180c       0xe1 binaries/insertd.o
                0x000000000010180c                insertd
 .text          0x00000000001018ed        0x6 binaries/ioerr.o
                0x00000000001018ed                ioerr
 .text          0x00000000001018f3        0x6 binaries/ionull.o
                0x00000000001018f3                ionull
 .text          0x00000000001018f9      0x15c binaries/kill.o
                0x00000000001018f9                kill
 .text          0x0000000000101a55       0xa5 binaries/kprintf.o
                0x0000000000101a55                kputc
                0x0000000000101a84                console_init
                0x0000000000101ab6                kgetc
                0x0000000000101ad8                kprintf
 .text          0x0000000000101afa       0x94 binaries/main.o
                0x0000000000101afa                main
 .text          0x0000000000101b8e       0x93 binaries/mark.o
                0x0000000000101b8e                markinit
                0x0000000000101bab                mark
 .text          0x0000000000101c21      0x1d7 binaries/meminit.o
                0x0000000000101c21                meminit
                0x0000000000101d8a                setsegs
 .text          0x0000000000101df8      0x12a binaries/mkbufpool.o
                0x0000000000101df8                mkbufpool
 .text          0x0000000000101f22       0x5e binaries/newqueue.o
                0x0000000000101f22                newqueue
 .text          0x0000000000101f80       0x5e binaries/open.o
                0x0000000000101f80                open
 .text          0x0000000000101fde       0x1e binaries/panic.o
                0x0000000000101fde                panic
 .text          0x0000000000101ffc      0x27c binaries/pci.o
                0x0000000000101ffc                pci_init
                0x0000000000102002                find_pci_device
                0x00000000001020c0                pci_read_config_byte
                0x00000000001020fd                pci_read_config_word
                0x000000000010213c                pci_read_config_dword
                0x0000000000102179                pci_write_config_byte
                0x00000000001021b4                pci_write_config_word
                0x00000000001021f0                pci_write_config_dword
                0x000000000010222b                pci_get_dev_mmio_base_addr
 .text          0x0000000000102278       0x4f binaries/platinit.o
                0x0000000000102278                platinit
 .text          0x00000000001022c7       0xa3 binaries/ptclear.o
                0x00000000001022c7                _ptclear
 .text          0x000000000010236a       0x7c binaries/ptcount.o
                0x000000000010236a                ptcount
 .text          0x00000000001023e6       0xeb binaries/ptcreate.o
                0x00000000001023e6                ptcreate
 .text          0x00000000001024d1       0x64 binaries/ptdelete.o
                0x00000000001024d1                ptdelete
 .text          0x0000000000102535       0x88 binaries/ptinit.o
                0x0000000000102535                ptinit
 .text          0x00000000001025bd       0xec binaries/ptrecv.o
                0x00000000001025bd                ptrecv
 .text          0x00000000001026a9       0x67 binaries/ptreset.o
                0x00000000001026a9                ptreset
 .text          0x0000000000102710      0x10d binaries/ptsend.o
                0x0000000000102710                ptsend
 .text          0x000000000010281d       0x5c binaries/putc.o
                0x000000000010281d                putc
 .text          0x0000000000102879       0xb6 binaries/quark_irq.o
                0x0000000000102879                quark_irq_routing
 .text          0x000000000010292f      0x19d binaries/quark_pdat.o
                0x000000000010292f                get_quark_pdat_entry_data_by_id
                0x00000000001029fc                get_quark_pdat_entry_data_by_desc
 .text          0x0000000000102acc       0xab binaries/queue.o
                0x0000000000102acc                enqueue
                0x0000000000102b2c                dequeue
 .text          0x0000000000102b77       0x5e binaries/read.o
                0x0000000000102b77                read
 .text          0x0000000000102bd5       0x63 binaries/ready.o
                0x0000000000102bd5                ready
 .text          0x0000000000102c38       0xf0 binaries/receive.o
                0x0000000000102c38                receive
 .text          0x0000000000102d28       0x95 binaries/recvcb.o
                0x0000000000102d28                mrecv_cb
                0x0000000000102d63                recvcb
 .text          0x0000000000102dbd       0xa7 binaries/recvcbslp.o
                0x0000000000102dbd                mrecv_cbslp
                0x0000000000102dfd                recvcbslp
 .text          0x0000000000102e64       0x4f binaries/recvclr.o
                0x0000000000102e64                recvclr
 .text          0x0000000000102eb3       0x34 binaries/recvproc.o
                0x0000000000102eb3                recvproc
 .text          0x0000000000102ee7      0x10e binaries/recvslug.o
                0x0000000000102ee7                recvslug
 .text          0x0000000000102ff5       0xb0 binaries/recvtime.o
                0x0000000000102ff5                recvtime
 .text          0x00000000001030a5      0x139 binaries/resched.o
                0x00000000001030a5                resched
                0x000000000010316b                resched_cntl
 .text          0x00000000001031de       0x77 binaries/resume.o
                0x00000000001031de                resume
 .text          0x0000000000103255       0x5a binaries/seek.o
                0x0000000000103255                seek
 .text          0x00000000001032af       0x4f binaries/semcount.o
                0x00000000001032af                semcount
 .text          0x00000000001032fe       0x86 binaries/semcreate.o
                0x00000000001032fe                semcreate
 .text          0x0000000000103384       0xc3 binaries/semdelete.o
                0x0000000000103384                semdelete
 .text          0x0000000000103447       0xa7 binaries/semreset.o
                0x0000000000103447                semreset
 .text          0x00000000001034ee       0xd2 binaries/sendblk.o
                0x00000000001034ee                sendblk
 .text          0x00000000001035c0       0x37 binaries/sendblkproc.o
                0x00000000001035c0                sendblkproc
 .text          0x00000000001035f7       0xb7 binaries/send.o
                0x00000000001035f7                send
 .text          0x00000000001036ae       0x5f binaries/senddone.o
                0x00000000001036ae                senddone
 .text          0x000000000010370d       0x60 binaries/senddoneog.o
                0x000000000010370d                senddoneog
 .text          0x000000000010376d       0x3f binaries/sendproc.o
                0x000000000010376d                sendproc
 .text          0x00000000001037ac       0x95 binaries/signal.o
                0x00000000001037ac                signal
 .text          0x0000000000103841       0xb2 binaries/signaln.o
                0x0000000000103841                signaln
 .text          0x00000000001038f3       0xc8 binaries/sleep.o
                0x00000000001038f3                sleepms
                0x0000000000103985                sleep
 .text          0x00000000001039bb       0xb2 binaries/suspend.o
                0x00000000001039bb                suspend
 .text          0x0000000000103a6d       0x92 binaries/unsleep.o
                0x0000000000103a6d                unsleep
 .text          0x0000000000103aff       0x15 binaries/userret.o
                0x0000000000103aff                userret
 .text          0x0000000000103b14       0xac binaries/wait.o
                0x0000000000103b14                wait
 .text          0x0000000000103bc0       0x6d binaries/wakeup.o
                0x0000000000103bc0                wakeup
 .text          0x0000000000103c2d       0x5e binaries/write.o
                0x0000000000103c2d                write
 .text          0x0000000000103c8b       0x16 binaries/xdone.o
                0x0000000000103c8b                xdone
 .text          0x0000000000103ca1       0x23 binaries/yield.o
                0x0000000000103ca1                yield
 .text          0x0000000000103cc4        0xe binaries/abs.o
                0x0000000000103cc4                abs
 .text          0x0000000000103cd2       0x7d binaries/atoi.o
                0x0000000000103cd2                atoi
 .text          0x0000000000103d4f       0x7d binaries/atol.o
                0x0000000000103d4f                atol
 .text          0x0000000000103dcc       0x18 binaries/bzero.o
                0x0000000000103dcc                bzero
 .text          0x0000000000103de4        0x0 binaries/ctype_.o
 .text          0x0000000000103de4      0x6e7 binaries/doprnt.o
                0x0000000000103f38                _doprnt
 .text          0x00000000001044cb      0x678 binaries/doscan.o
                0x00000000001044cb                _doscan
 .text          0x0000000000104b43      0x6a9 binaries/fdoprnt.o
                0x0000000000104bc7                _fdoprnt
 .text          0x00000000001051ec       0x1c binaries/fgetc.o
                0x00000000001051ec                fgetc
 .text          0x0000000000105208       0x5c binaries/fgets.o
                0x0000000000105208                fgets
 .text          0x0000000000105264       0x23 binaries/fprintf.o
                0x0000000000105264                fprintf
 .text          0x0000000000105287       0x29 binaries/fputc.o
                0x0000000000105287                fputc
 .text          0x00000000001052b0       0x3b binaries/fputs.o
                0x00000000001052b0                fputs
 .text          0x00000000001052eb       0x6a binaries/fscanf.o
                0x0000000000105325                fscanf
 .text          0x0000000000105355       0x1f binaries/getchar.o
                0x0000000000105355                getchar
 .text          0x0000000000105374        0xe binaries/labs.o
                0x0000000000105374                labs
 .text          0x0000000000105382       0x32 binaries/memchr.o
                0x0000000000105382                memchr
 .text          0x00000000001053b4       0x49 binaries/memcmp.o
                0x00000000001053b4                memcmp
 .text          0x00000000001053fd       0x25 binaries/memcpy.o
                0x00000000001053fd                memcpy
 .text          0x0000000000105422       0x1e binaries/memset.o
                0x0000000000105422                memset
 .text          0x0000000000105440       0x32 binaries/printf.o
                0x0000000000105440                printf
 .text          0x0000000000105472       0x23 binaries/putchar.o
                0x0000000000105472                putchar
 .text          0x0000000000105495      0x1cb binaries/qsort.o
                0x0000000000105635                qsort
 .text          0x0000000000105660       0x45 binaries/rand.o
                0x0000000000105660                srand
                0x000000000010566a                rand
 .text          0x00000000001056a5       0x49 binaries/sprintf.o
                0x00000000001056bc                sprintf
 .text          0x00000000001056ee       0x57 binaries/sscanf.o
                0x0000000000105717                sscanf
 .text          0x0000000000105745       0x2d binaries/strchr.o
                0x0000000000105745                strchr
 .text          0x0000000000105772       0x43 binaries/strcmp.o
                0x0000000000105772                strcmp
 .text          0x00000000001057b5       0x1a binaries/strcpy.o
                0x00000000001057b5                strcpy
 .text          0x00000000001057cf       0x1c binaries/strlen.o
                0x00000000001057cf                strlen
 .text          0x00000000001057eb       0x3c binaries/strncat.o
                0x00000000001057eb                strncat
 .text          0x0000000000105827       0x3a binaries/strncmp.o
                0x0000000000105827                strncmp
 .text          0x0000000000105861       0x58 binaries/strncpy.o
                0x0000000000105861                strncpy
 .text          0x00000000001058b9       0x36 binaries/strnlen.o
                0x00000000001058b9                strnlen
 .text          0x00000000001058ef       0x30 binaries/strrchr.o
                0x00000000001058ef                strrchr
 .text          0x000000000010591f       0x66 binaries/strstr.o
                0x000000000010591f                strstr
 .text          0x0000000000105985      0x10a binaries/ttycontrol.o
                0x0000000000105985                ttycontrol
 .text          0x0000000000105a8f       0xaa binaries/ttygetc.o
                0x0000000000105a8f                ttygetc
 .text          0x0000000000105b39      0x48a binaries/ttyhandle_in.o
                0x0000000000105bef                ttyhandle_in
 .text          0x0000000000105fc3      0x14c binaries/ttyhandle_out.o
                0x0000000000105fc3                ttyhandle_out
 .text          0x000000000010610f       0x84 binaries/ttyhandler.o
                0x000000000010610f                ttyhandler
 .text          0x0000000000106193      0x15a binaries/ttyinit.o
                0x0000000000106193                ttyinit
 .text          0x00000000001062ed        0xc binaries/ttykickout.o
                0x00000000001062ed                ttykickout
 .text          0x00000000001062f9       0xac binaries/ttyputc.o
                0x00000000001062f9                ttyputc
 .text          0x00000000001063a5       0xf3 binaries/ttyread.o
                0x00000000001063a5                ttyread
 .text          0x0000000000106498       0x46 binaries/ttywrite.o
                0x0000000000106498                ttywrite
 .text          0x00000000001064de      0x125 binaries/mount.o
                0x00000000001064de                namlen
                0x0000000000106516                mount
 .text          0x0000000000106603      0x196 binaries/naminit.o
                0x0000000000106603                naminit
 .text          0x0000000000106799      0x1ff binaries/nammap.o
                0x0000000000106799                namrepl
                0x00000000001068ba                namcpy
                0x0000000000106907                nammap
 .text          0x0000000000106998       0x4e binaries/namopen.o
                0x0000000000106998                namopen
 .text          0x00000000001069e6       0xce binaries/colon2mac.o
                0x00000000001069e6                colon2mac
 .text          0x0000000000106ab4       0x81 binaries/ethcontrol.o
                0x0000000000106ab4                ethcontrol
 .text          0x0000000000106b35      0x162 binaries/ethhandler.o
                0x0000000000106b35                ethhandler
 .text          0x0000000000106c97      0x500 binaries/ethinit.o
                0x0000000000106c97                eth_phy_read
                0x0000000000106cd4                eth_phy_write
                0x0000000000106d14                eth_phy_reset
                0x0000000000106dee                ethinit
 .text          0x0000000000107197       0xee binaries/ethmcast.o
                0x0000000000107197                ethmcast_add
                0x00000000001071e4                ethmcast_remove
 .text          0x0000000000107285      0x14f binaries/ethread.o
                0x0000000000107285                ethread
 .text          0x00000000001073d4       0xc3 binaries/ethwrite.o
                0x00000000001073d4                ethwrite
 .text          0x0000000000107497       0x66 binaries/rdsbufalloc.o
                0x0000000000107497                rdsbufalloc
 .text          0x00000000001074fd       0xc2 binaries/rdsclose.o
                0x00000000001074fd                rdsclose
 .text          0x00000000001075bf      0x1ea binaries/rdscomm.o
                0x00000000001075bf                rdscomm
 .text          0x00000000001077a9      0x1c2 binaries/rdscontrol.o
                0x00000000001077a9                rdscontrol
 .text          0x000000000010796b      0x1e3 binaries/rdsinit.o
                0x000000000010796b                rdsinit
 .text          0x0000000000107b4e      0x1a1 binaries/rdsopen.o
                0x0000000000107b4e                rdsopen
 .text          0x0000000000107cef      0x2ab binaries/rdsprocess.o
                0x0000000000107cef                rdsprocess
 .text          0x0000000000107f9a      0x1e2 binaries/rdsread.o
                0x0000000000107f9a                rdsread
 .text          0x000000000010817c      0x1ac binaries/rdswrite.o
                0x000000000010817c                rdswrite
 .text          0x0000000000108328        0x6 binaries/ramclose.o
                0x0000000000108328                ramclose
 .text          0x000000000010832e       0x34 binaries/raminit.o
                0x000000000010832e                raminit
 .text          0x0000000000108362        0x7 binaries/ramopen.o
                0x0000000000108362                ramopen
 .text          0x0000000000108369       0x27 binaries/ramread.o
                0x0000000000108369                ramread
 .text          0x0000000000108390       0x27 binaries/ramwrite.o
                0x0000000000108390                ramwrite
 .text          0x00000000001083b7       0x87 binaries/lfdballoc.o
                0x00000000001083b7                lfdballoc
 .text          0x000000000010843e       0x4d binaries/lfdbfree.o
                0x000000000010843e                lfdbfree
 .text          0x000000000010848b       0x9f binaries/lfflush.o
                0x000000000010848b                lfflush
 .text          0x000000000010852a       0x7a binaries/lfgetmode.o
                0x000000000010852a                lfgetmode
 .text          0x00000000001085a4       0x5f binaries/lfiballoc.o
                0x00000000001085a4                lfiballoc
 .text          0x0000000000108603       0x25 binaries/lfibclear.o
                0x0000000000108603                lfibclear
 .text          0x0000000000108628       0x74 binaries/lfibget.o
                0x0000000000108628                lfibget
 .text          0x000000000010869c       0x91 binaries/lfibput.o
                0x000000000010869c                lfibput
 .text          0x000000000010872d       0xa1 binaries/lflclose.o
                0x000000000010872d                lflclose
 .text          0x00000000001087ce       0xbe binaries/lflcontrol.o
                0x00000000001087ce                lflcontrol
 .text          0x000000000010888c       0xf8 binaries/lflgetc.o
                0x000000000010888c                lflgetc
 .text          0x0000000000108984       0xe4 binaries/lflinit.o
                0x0000000000108984                lflinit
 .text          0x0000000000108a68      0x123 binaries/lflputc.o
                0x0000000000108a68                lflputc
 .text          0x0000000000108b8b       0x6a binaries/lflread.o
                0x0000000000108b8b                lflread
 .text          0x0000000000108bf5       0xb8 binaries/lflseek.o
                0x0000000000108bf5                lflseek
 .text          0x0000000000108cad       0x4e binaries/lflwrite.o
                0x0000000000108cad                lflwrite
 .text          0x0000000000108cfb      0x11a binaries/lfsckfmt.o
                0x0000000000108cfb                lfsckfmt
 .text          0x0000000000108e15      0x1bd binaries/lfscreate.o
                0x0000000000108e15                lfscreate
 .text          0x0000000000108fd2      0x1a4 binaries/lfsetup.o
                0x0000000000108fd2                lfsetup
 .text          0x0000000000109176       0x44 binaries/lfsinit.o
                0x0000000000109176                lfsinit
 .text          0x00000000001091ba      0x2ff binaries/lfsopen.o
                0x00000000001091ba                lfsopen
 .text          0x00000000001094b9      0x11d binaries/lftruncate.o
                0x00000000001094b9                lftruncate
 .text          0x00000000001095d6       0x69 binaries/rflclose.o
                0x00000000001095d6                rflclose
 .text          0x000000000010963f       0x2b binaries/rflgetc.o
                0x000000000010963f                rflgetc
 .text          0x000000000010966a       0x69 binaries/rflinit.o
                0x000000000010966a                rflinit
 .text          0x00000000001096d3       0x2c binaries/rflputc.o
                0x00000000001096d3                rflputc
 .text          0x00000000001096ff      0x2ce binaries/rflread.o
                0x00000000001096ff                rflread
 .text          0x00000000001099cd       0x69 binaries/rflseek.o
                0x00000000001099cd                rflseek
 .text          0x0000000000109a36      0x2ec binaries/rflwrite.o
                0x0000000000109a36                rflwrite
 .text          0x0000000000109d22      0x17c binaries/rfscomm.o
                0x0000000000109d22                rfscomm
 .text          0x0000000000109e9e      0x246 binaries/rfscontrol.o
                0x0000000000109e9e                rfscontrol
 .text          0x000000000010a0e4       0x7a binaries/rfsgetmode.o
                0x000000000010a0e4                rfsgetmode
 .text          0x000000000010a15e       0x7d binaries/rfsinit.o
                0x000000000010a15e                rfsinit
 .text          0x000000000010a1db       0xb7 binaries/rfsndmsg.o
                0x000000000010a1db                rfsndmsg
 .text          0x000000000010a292      0x24f binaries/rfsopen.o
                0x000000000010a292                rfsopen
 .text          0x000000000010a4e1      0x619 binaries/arp.o
                0x000000000010a4e1                arp_init
                0x000000000010a4f9                arp_alloc
                0x000000000010a59d                arp_ntoh
                0x000000000010a607                arp_hton
                0x000000000010a671                arp_resolve
                0x000000000010a8c3                arp_in
 .text          0x000000000010aafa      0x59d binaries/dhcp.o
                0x000000000010aafa                dhcp_get_opt_val
                0x000000000010ab4d                dhcp_bld_bootp_msg
                0x000000000010ac1b                dhcp_bld_disc
                0x000000000010ac6b                dhcp_bld_req
                0x000000000010ad05                getlocalip
 .text          0x000000000010b097       0xd7 binaries/dot2ip.o
                0x000000000010b097                dot2ip
 .text          0x000000000010b16e      0x379 binaries/hexdump.o
                0x000000000010b16e                hexdump
                0x000000000010b2be                hexadump
 .text          0x000000000010b4e7      0x6dc binaries/icmp.o
                0x000000000010b4e7                icmp_init
                0x000000000010b4ff                icmp_register
                0x000000000010b5bd                icmp_recv
                0x000000000010b760                icmp_mkpkt
                0x000000000010b831                icmp_in
                0x000000000010b9c4                icmp_send
                0x000000000010ba33                icmp_release
                0x000000000010bb42                icmp_cksum
                0x000000000010bb9b                icmp_hton
                0x000000000010bbaf                icmp_ntoh
 .text          0x000000000010bbc3      0x5ca binaries/ip.o
                0x000000000010bbc3                ip_local
                0x000000000010bc03                ipcksum
                0x000000000010bc50                ip_ntoh
                0x000000000010bcba                ip_in
                0x000000000010bddd                ip_hton
                0x000000000010be47                ip_out
                0x000000000010befa                ip_send
                0x000000000010c006                ipout
                0x000000000010c0f6                ip_enqueue
 .text          0x000000000010c18d      0x1a8 binaries/net.o
                0x000000000010c18d                net_init
                0x000000000010c283                eth_hton
                0x000000000010c28d                eth_ntoh
                0x000000000010c297                netin
 .text          0x000000000010c335       0xb3 binaries/netstart.o
                0x000000000010c335                netstart
 .text          0x000000000010c3e8      0xa2d binaries/pdump.o
                0x000000000010c3e8                pdump
                0x000000000010c9cc                pdumph
 .text          0x000000000010ce15      0x5c8 binaries/tftp.o
                0x000000000010ce15                tftp_send1
                0x000000000010cf31                tftpget_mb
                0x000000000010d3b6                tftpget
 .text          0x000000000010d3dd      0x9fe binaries/udp.o
                0x000000000010d3dd                udp_init
                0x000000000010d41a                udp_in
                0x000000000010d539                udp_register
                0x000000000010d656                udp_recv
                0x000000000010d7e3                udp_recvaddr
                0x000000000010d984                udp_send
                0x000000000010db3f                udp_sendto
                0x000000000010dcb2                udp_release
                0x000000000010ddb3                udp_ntoh
                0x000000000010ddc7                udp_hton
 .text          0x000000000010dddb      0x12e binaries/addargs.o
                0x000000000010dddb                addargs
 .text          0x000000000010df09      0x1e2 binaries/lexan.o
                0x000000000010df09                lexan
 .text          0x000000000010e0eb      0x5b0 binaries/shell.o
                0x000000000010e0eb                shell
 .text          0x000000000010e69b       0x57 binaries/xsh_argecho.o
                0x000000000010e69b                xsh_argecho
 .text          0x000000000010e6f2      0x1f8 binaries/xsh_arp.o
                0x000000000010e6f2                xsh_arp
 .text          0x000000000010e8ea      0x1ea binaries/xsh_cat.o
                0x000000000010e8ea                xsh_cat
 .text          0x000000000010ead4       0x53 binaries/xsh_clear.o
                0x000000000010ead4                xsh_clear
 .text          0x000000000010eb27      0x26e binaries/xsh_date.o
                0x000000000010eb27                xsh_date
 .text          0x000000000010ed95       0x83 binaries/xsh_devdump.o
                0x000000000010ed95                xsh_devdump
 .text          0x000000000010ee18       0x5e binaries/xsh_echo.o
                0x000000000010ee18                xsh_echo
 .text          0x000000000010ee76        0x6 binaries/xsh_exit.o
                0x000000000010ee76                xsh_exit
 .text          0x000000000010ee7c      0x326 binaries/xsh_help.o
                0x000000000010ee7c                xsh_help
 .text          0x000000000010f1a2      0x379 binaries/xsh_ipaddr.o
                0x000000000010f1a2                xsh_ipaddr
 .text          0x000000000010f51b      0x1c1 binaries/xsh_kill.o
                0x000000000010f51b                xsh_kill
 .text          0x000000000010f6dc      0x3d1 binaries/xsh_memdump.o
                0x000000000010f79e                xsh_memdump
 .text          0x000000000010faad      0x1cb binaries/xsh_memstat.o
                0x000000000010faad                xsh_memstat
 .text          0x000000000010fc78      0x29b binaries/xsh_ping.o
                0x000000000010fc78                xsh_ping
 .text          0x000000000010ff13      0x1a0 binaries/xsh_ps.o
                0x000000000010ff13                xsh_ps
 .text          0x00000000001100b3      0x1ab binaries/xsh_sleep.o
                0x00000000001100b3                xsh_sleep
 .text          0x000000000011025e      0x1cc binaries/xsh_udpdump.o
                0x000000000011025e                xsh_udpdump
 .text          0x000000000011042a      0x3ca binaries/xsh_udpecho.o
                0x000000000011042a                xsh_udpecho
 .text          0x00000000001107f4      0x21b binaries/xsh_udpeserver.o
                0x00000000001107f4                xsh_udpeserver
 .text          0x0000000000110a0f      0x1b4 binaries/xsh_uptime.o
                0x0000000000110a0f                xsh_uptime
 .text          0x0000000000110bc3       0x13 binaries/clkdisp.o
                0x0000000000110bc3                clkdisp
 .text          0x0000000000110bd6       0x19 binaries/ctxsw.o
                0x0000000000110bd6                ctxsw
 .text          0x0000000000110bef      0x368 binaries/intr.o
                0x0000000000110bef                disable
                0x0000000000110bf8                restore
                0x0000000000110c06                enable
                0x0000000000110c08                pause
                0x0000000000110c0f                halt
                0x0000000000110c12                spurious_irq7
                0x0000000000110c17                spurious_irq15
                0x0000000000110c26                _Xint0
                0x0000000000110c31                _Xint1
                0x0000000000110c3c                _Xint2
                0x0000000000110c47                _Xint3
                0x0000000000110c52                _Xint4
                0x0000000000110c5d                _Xint5
                0x0000000000110c68                _Xint6
                0x0000000000110c73                _Xint7
                0x0000000000110c7e                _Xint8
                0x0000000000110c89                _Xint9
                0x0000000000110c94                _Xint10
                0x0000000000110c9f                _Xint11
                0x0000000000110cad                _Xint12
                0x0000000000110cbb                _Xint13
                0x0000000000110cc9                _Xint14
                0x0000000000110cd7                _Xint15
                0x0000000000110ce5                _Xint16
                0x0000000000110cf3                _Xint17
                0x0000000000110d01                _Xint18
                0x0000000000110d0f                _Xint19
                0x0000000000110d1d                _Xint20
                0x0000000000110d2b                _Xint21
                0x0000000000110d39                _Xint22
                0x0000000000110d47                _Xint23
                0x0000000000110d55                _Xint24
                0x0000000000110d63                _Xint25
                0x0000000000110d71                _Xint26
                0x0000000000110d7f                _Xint27
                0x0000000000110d8d                _Xint28
                0x0000000000110d9b                _Xint29
                0x0000000000110da9                _Xint30
                0x0000000000110db7                _Xint31
                0x0000000000110dc5                _Xint32
                0x0000000000110dd3                _Xint33
                0x0000000000110de1                _Xint34
                0x0000000000110def                _Xint35
                0x0000000000110dfd                _Xint36
                0x0000000000110e0b                _Xint37
                0x0000000000110e19                _Xint38
                0x0000000000110e27                _Xint39
                0x0000000000110e35                _Xint40
                0x0000000000110e43                _Xint41
                0x0000000000110e51                _Xint42
                0x0000000000110e5f                _Xint43
                0x0000000000110e6d                _Xint44
                0x0000000000110e7b                _Xint45
                0x0000000000110e89                _Xint46
                0x0000000000110e97                defevec
 .text          0x0000000000110f57        0xf binaries/ttydispatch.o
                0x0000000000110f57                ttydispatch
 .text          0x0000000000110f66       0x13 binaries/ethdispatch.o
                0x0000000000110f66                ethdispatch
 *(.rodata .rodata.*)
 .rodata.str1.1
                0x0000000000110f79       0x54 binaries/ascdate.o
 *fill*         0x0000000000110fcd        0x3 
 .rodata.str1.4
                0x0000000000110fd0       0x22 binaries/ascdate.o
 .rodata.str1.1
                0x0000000000110ff2       0x5f binaries/conf.o
 *fill*         0x0000000000111051        0x3 
 .rodata.str1.4
                0x0000000000111054       0x4f binaries/early_imr.o
 *fill*         0x00000000001110a3        0x1 
 .rodata        0x00000000001110a4       0x33 binaries/early_imr.o
 .rodata.str1.1
                0x00000000001110d7      0x20c binaries/evec.o
 *fill*         0x00000000001112e3        0x1 
 .rodata.str1.4
                0x00000000001112e4       0x23 binaries/evec.o
 .rodata.str1.1
                0x0000000000111307        0xb binaries/getutime.o
 *fill*         0x0000000000111312        0x2 
 .rodata.str1.4
                0x0000000000111314       0x54 binaries/getutime.o
 .rodata.str1.1
                0x0000000000111368       0x63 binaries/initialize.o
                                         0x67 (size before relaxing)
 *fill*         0x00000000001113cb        0x1 
 .rodata.str1.4
                0x00000000001113cc       0xd0 binaries/initialize.o
 .rodata        0x000000000011149c       0x20 binaries/kill.o
 .rodata.str1.1
                0x00000000001114bc       0x28 binaries/main.o
 .rodata.str1.4
                0x00000000001114e4       0x37 binaries/main.o
 *fill*         0x000000000011151b        0x1 
 .rodata.str1.4
                0x000000000011151c       0x23 binaries/meminit.o
 .rodata.str1.1
                0x000000000011153f       0x1b binaries/meminit.o
 .rodata.str1.1
                0x000000000011155a        0xf binaries/panic.o
 .rodata.str1.1
                0x0000000000111569       0x1c binaries/ptinit.o
 *fill*         0x0000000000111585        0x3 
 .rodata.str1.4
                0x0000000000111588       0x25 binaries/ptsend.o
 .rodata.str1.1
                0x00000000001115ad       0x22 binaries/quark_pdat.o
 *fill*         0x00000000001115cf        0x1 
 .rodata.str1.4
                0x00000000001115d0       0x4f binaries/recvcb.o
 .rodata.str1.1
                0x000000000011161f       0x18 binaries/recvcb.o
 .rodata.str1.4
                0x0000000000111637       0x4f binaries/recvcbslp.o
 .rodata.str1.1
                0x0000000000111637       0x18 binaries/recvcbslp.o
 *fill*         0x0000000000111637        0x1 
 .rodata.str1.4
                0x0000000000111638       0x22 binaries/recvproc.o
 .rodata.str1.4
                0x000000000011165a       0x22 binaries/recvslug.o
 .rodata.str1.1
                0x000000000011165a       0x18 binaries/sendblkproc.o
 *fill*         0x0000000000111672        0x2 
 .rodata.str1.4
                0x0000000000111674       0x54 binaries/senddone.o
 .rodata.str1.4
                0x00000000001116c8       0x4d binaries/senddoneog.o
 .rodata.str1.1
                0x0000000000111715       0x15 binaries/sendproc.o
 *fill*         0x000000000011172a        0x2 
 .rodata.str1.4
                0x000000000011172c       0x27 binaries/xdone.o
 *fill*         0x0000000000111753        0xd 
 .rodata        0x0000000000111760       0x81 binaries/ctype_.o
                0x0000000000111760                _ctype_
 .rodata.str1.1
                0x00000000001117e1       0x29 binaries/doprnt.o
 *fill*         0x000000000011180a        0x2 
 .rodata        0x000000000011180c       0xc4 binaries/doprnt.o
 .rodata        0x00000000001118d0       0x98 binaries/doscan.o
 .rodata.str1.1
                0x0000000000111968       0x29 binaries/fdoprnt.o
 .rodata        0x0000000000111968       0x84 binaries/fdoprnt.o
 .rodata        0x00000000001119ec       0x20 binaries/ttycontrol.o
 .rodata.str1.4
                0x0000000000111a0c       0x4c binaries/naminit.o
 .rodata.str1.1
                0x0000000000111a58       0x32 binaries/naminit.o
                                         0x35 (size before relaxing)
 .rodata.str1.1
                0x0000000000111a8a       0x15 binaries/ethinit.o
 *fill*         0x0000000000111a9f        0x1 
 .rodata.str1.4
                0x0000000000111aa0       0x2e binaries/ethinit.o
 *fill*         0x0000000000111ace        0x2 
 .rodata.str1.4
                0x0000000000111ad0       0x2c binaries/rdsbufalloc.o
 .rodata.str1.4
                0x0000000000111afc       0x76 binaries/rdscomm.o
 *fill*         0x0000000000111b72        0x2 
 .rodata.str1.4
                0x0000000000111b74       0x48 binaries/rdscontrol.o
 .rodata.str1.4
                0x0000000000111bbc       0x7e binaries/rdsinit.o
 .rodata.str1.1
                0x0000000000111c3a       0x18 binaries/rdsinit.o
 *fill*         0x0000000000111c52        0x2 
 .rodata.str1.4
                0x0000000000111c54       0x22 binaries/rdsopen.o
 *fill*         0x0000000000111c76        0x2 
 .rodata.str1.4
                0x0000000000111c78       0x4d binaries/rdsprocess.o
 .rodata.str1.1
                0x0000000000111cc5        0x9 binaries/raminit.o
 .rodata.str1.1
                0x0000000000111cce       0x13 binaries/lfdballoc.o
 *fill*         0x0000000000111ce1        0x3 
 .rodata.str1.4
                0x0000000000111ce4       0x23 binaries/lfdballoc.o
 .rodata.str1.1
                0x0000000000111d07       0x14 binaries/lfiballoc.o
 *fill*         0x0000000000111d1b        0x1 
 .rodata.str1.4
                0x0000000000111d1c       0x23 binaries/lflcontrol.o
 .rodata.str1.1
                0x0000000000111d3f       0x64 binaries/lfsckfmt.o
 *fill*         0x0000000000111da3        0x1 
 .rodata.str1.4
                0x0000000000111da4       0x51 binaries/lfsckfmt.o
 *fill*         0x0000000000111df5        0x3 
 .rodata.str1.4
                0x0000000000111df8       0x21 binaries/rflread.o
 .rodata.str1.4
                0x0000000000111e19       0x21 binaries/rflwrite.o
 *fill*         0x0000000000111e19        0x3 
 .rodata.str1.4
                0x0000000000111e1c       0x75 binaries/rfscomm.o
 *fill*         0x0000000000111e91        0x3 
 .rodata.str1.4
                0x0000000000111e94       0x23 binaries/rfscontrol.o
 *fill*         0x0000000000111eb7        0x1 
 .rodata        0x0000000000111eb8       0x18 binaries/rfscontrol.o
 .rodata.str1.1
                0x0000000000111ed0       0x10 binaries/rfsinit.o
 .rodata.str1.4
                0x0000000000111ed0       0x57 binaries/rfsinit.o
 *fill*         0x0000000000111f27        0x1 
 .rodata.str1.4
                0x0000000000111f28       0x2a binaries/rfsndmsg.o
 .rodata.str1.4
                0x0000000000111f52       0x22 binaries/rfsopen.o
 .rodata.str1.1
                0x0000000000111f52       0x19 binaries/arp.o
 *fill*         0x0000000000111f6b        0x1 
 .rodata.str1.4
                0x0000000000111f6c       0x21 binaries/arp.o
 *fill*         0x0000000000111f8d        0x3 
 .rodata.str1.4
                0x0000000000111f90       0xa6 binaries/dhcp.o
 .rodata.str1.1
                0x0000000000112036       0x4a binaries/dhcp.o
 .rodata.str1.1
                0x0000000000112080       0x5a binaries/hexdump.o
                                         0x61 (size before relaxing)
 *fill*         0x00000000001120da        0x2 
 .rodata.str1.4
                0x00000000001120dc       0x67 binaries/hexdump.o
 *fill*         0x0000000000112143        0x1 
 .rodata.str1.4
                0x0000000000112144       0x29 binaries/icmp.o
 .rodata.str1.1
                0x000000000011216d       0x4e binaries/ip.o
 *fill*         0x00000000001121bb        0x1 
 .rodata.str1.4
                0x00000000001121bc       0x20 binaries/ip.o
 .rodata.str1.4
                0x00000000001121dc       0x28 binaries/net.o
 .rodata.str1.1
                0x0000000000112204       0x27 binaries/net.o
 *fill*         0x000000000011222b        0x1 
 .rodata.str1.4
                0x000000000011222c       0xcf binaries/netstart.o
 .rodata.str1.1
                0x00000000001122fb      0x141 binaries/pdump.o
                                        0x14b (size before relaxing)
 .rodata.str1.4
                0x000000000011243c      0x126 binaries/pdump.o
 *fill*         0x0000000000112562        0x2 
 .rodata.str1.4
                0x0000000000112564      0x148 binaries/tftp.o
 .rodata.str1.1
                0x00000000001126ac        0x6 binaries/tftp.o
                                          0xa (size before relaxing)
 .rodata.str1.1
                0x00000000001126b2       0xe3 binaries/shell.o
                                         0xff (size before relaxing)
 *fill*         0x0000000000112795        0x3 
 .rodata.str1.4
                0x0000000000112798      0x1c4 binaries/shell.o
 *fill*         0x000000000011295c        0x4 
 .rodata        0x0000000000112960       0xfc binaries/shell.o
                0x0000000000112960                cmdtab
 .rodata.str1.1
                0x0000000000112a5c       0x26 binaries/xsh_argecho.o
                                         0x28 (size before relaxing)
 .rodata.str1.1
                0x0000000000112a82       0x70 binaries/xsh_arp.o
                                         0x72 (size before relaxing)
 *fill*         0x0000000000112af2        0x2 
 .rodata.str1.4
                0x0000000000112af4       0xb4 binaries/xsh_arp.o
 .rodata.str1.1
                0x0000000000112ba8       0x2d binaries/xsh_cat.o
                                         0x4f (size before relaxing)
 *fill*         0x0000000000112bd5        0x3 
 .rodata.str1.4
                0x0000000000112bd8       0x52 binaries/xsh_cat.o
                                         0x79 (size before relaxing)
 .rodata.str1.1
                0x0000000000112c2a       0x15 binaries/xsh_clear.o
 .rodata.str1.1
                0x0000000000112c3f       0x46 binaries/xsh_date.o
                                         0x5f (size before relaxing)
 *fill*         0x0000000000112c85        0x3 
 .rodata.str1.4
                0x0000000000112c88      0x163 binaries/xsh_date.o
 .rodata.str1.1
                0x0000000000112deb       0x5d binaries/xsh_devdump.o
 .rodata.str1.1
                0x0000000000112e48        0x4 binaries/xsh_echo.o
                                          0x9 (size before relaxing)
 .rodata.str1.1
                0x0000000000112e4c       0x65 binaries/xsh_help.o
                                         0xa3 (size before relaxing)
 *fill*         0x0000000000112eb1        0x3 
 .rodata.str1.4
                0x0000000000112eb4       0x7c binaries/xsh_help.o
                                         0xc6 (size before relaxing)
 .rodata.str1.1
                0x0000000000112f30       0x9c binaries/xsh_ipaddr.o
                                         0xf8 (size before relaxing)
 .rodata.str1.4
                0x0000000000112fcc       0x4d binaries/xsh_ipaddr.o
                                         0x99 (size before relaxing)
 .rodata.str1.1
                0x0000000000113019       0x78 binaries/xsh_kill.o
                                         0x97 (size before relaxing)
 *fill*         0x0000000000113091        0x3 
 .rodata.str1.4
                0x0000000000113094       0x4a binaries/xsh_kill.o
                                         0x96 (size before relaxing)
 .rodata.str1.1
                0x00000000001130de       0x84 binaries/xsh_memdump.o
                                         0xa8 (size before relaxing)
 *fill*         0x0000000000113162        0x2 
 .rodata.str1.4
                0x0000000000113164      0x15a binaries/xsh_memdump.o
                                        0x1aa (size before relaxing)
 .rodata.str1.1
                0x00000000001132be       0x40 binaries/xsh_memstat.o
                                         0x79 (size before relaxing)
 *fill*         0x00000000001132fe        0x2 
 .rodata.str1.4
                0x0000000000113300      0x187 binaries/xsh_memstat.o
                                        0x1af (size before relaxing)
 .rodata.str1.1
                0x0000000000113487       0x90 binaries/xsh_ping.o
                                         0xaf (size before relaxing)
 *fill*         0x0000000000113517        0x1 
 .rodata.str1.4
                0x0000000000113518       0x77 binaries/xsh_ping.o
                                         0xc6 (size before relaxing)
 .rodata.str1.1
                0x000000000011358f       0x74 binaries/xsh_ps.o
                                         0xd5 (size before relaxing)
 *fill*         0x0000000000113603        0x1 
 .rodata.str1.4
                0x0000000000113604       0x80 binaries/xsh_ps.o
                                         0xd0 (size before relaxing)
 *fill*         0x0000000000113684       0x1c 
 .rodata        0x00000000001136a0       0x20 binaries/xsh_ps.o
 .rodata.str1.1
                0x00000000001136c0       0x31 binaries/xsh_sleep.o
                                         0x72 (size before relaxing)
 *fill*         0x00000000001136f1        0x3 
 .rodata.str1.4
                0x00000000001136f4       0x2a binaries/xsh_sleep.o
                                         0x7a (size before relaxing)
 .rodata.str1.1
                0x000000000011371e       0x6b binaries/xsh_udpdump.o
                                         0xd2 (size before relaxing)
 *fill*         0x0000000000113789        0x3 
 .rodata.str1.4
                0x000000000011378c       0x94 binaries/xsh_udpdump.o
                                         0xe4 (size before relaxing)
 .rodata.str1.1
                0x0000000000113820       0xdb binaries/xsh_udpecho.o
                                         0xfa (size before relaxing)
 *fill*         0x00000000001138fb        0x1 
 .rodata.str1.4
                0x00000000001138fc       0xc7 binaries/xsh_udpecho.o
                                        0x116 (size before relaxing)
 .rodata.str1.1
                0x00000000001139c3       0x66 binaries/xsh_udpeserver.o
                                         0x8f (size before relaxing)
 *fill*         0x0000000000113a29        0x3 
 .rodata.str1.4
                0x0000000000113a2c       0x29 binaries/xsh_udpeserver.o
                                         0x9f (size before relaxing)
 .rodata.str1.1
                0x0000000000113a55       0x49 binaries/xsh_uptime.o
                                         0x8c (size before relaxing)
 *fill*         0x0000000000113a9e        0x2 
 .rodata.str1.4
                0x0000000000113aa0       0x28 binaries/xsh_uptime.o
                                         0x76 (size before relaxing)
                0x0000000000113ac8                etext = ABSOLUTE (.)
                0x0000000000114000                . = ALIGN (0x1000)
 *fill*         0x0000000000113ac8      0x538 

.eh_frame       0x0000000000114000     0x6948
 .eh_frame      0x0000000000114000       0x78 binaries/ascdate.o
 .eh_frame      0x0000000000114078       0x14 binaries/bufinit.o
                                         0x2c (size before relaxing)
 .eh_frame      0x000000000011408c       0x18 binaries/cbhandler.o
                                         0x30 (size before relaxing)
 .eh_frame      0x00000000001140a4       0x3c binaries/cbreg.o
                                         0x54 (size before relaxing)
 .eh_frame      0x00000000001140e0       0x40 binaries/chprio.o
                                         0x58 (size before relaxing)
 .eh_frame      0x0000000000114120       0x18 binaries/clkhandler.o
                                         0x30 (size before relaxing)
 .eh_frame      0x0000000000114138       0x3c binaries/clkinit.o
                                         0x54 (size before relaxing)
 .eh_frame      0x0000000000114174       0x3c binaries/close.o
                                         0x54 (size before relaxing)
 .eh_frame      0x00000000001141b0       0x44 binaries/control.o
                                         0x5c (size before relaxing)
 .eh_frame      0x00000000001141f4       0x5c binaries/create.o
                                         0x74 (size before relaxing)
 .eh_frame      0x0000000000114250      0x148 binaries/early_imr.o
                                        0x160 (size before relaxing)
 .eh_frame      0x0000000000114398      0x1a8 binaries/evec.o
                                        0x1c0 (size before relaxing)
 .eh_frame      0x0000000000114540       0x50 binaries/freebuf.o
                                         0x68 (size before relaxing)
 .eh_frame      0x0000000000114590       0x58 binaries/freemem.o
                                         0x70 (size before relaxing)
 .eh_frame      0x00000000001145e8       0x40 binaries/getbuf.o
                                         0x58 (size before relaxing)
 .eh_frame      0x0000000000114628       0x3c binaries/getc.o
                                         0x54 (size before relaxing)
 .eh_frame      0x0000000000114664       0x5c binaries/getdev.o
                                         0x74 (size before relaxing)
 .eh_frame      0x00000000001146c0       0x4c binaries/getitem.o
                                         0x64 (size before relaxing)
 .eh_frame      0x000000000011470c       0x50 binaries/getmem.o
                                         0x68 (size before relaxing)
 .eh_frame      0x000000000011475c       0x14 binaries/getpid.o
                                         0x2c (size before relaxing)
 .eh_frame      0x0000000000114770       0x34 binaries/getprio.o
                                         0x4c (size before relaxing)
 .eh_frame      0x00000000001147a4       0x58 binaries/getstk.o
                                         0x70 (size before relaxing)
 .eh_frame      0x00000000001147fc       0x20 binaries/gettime.o
                                         0x38 (size before relaxing)
 .eh_frame      0x000000000011481c       0x8c binaries/getutime.o
                                         0xa4 (size before relaxing)
 .eh_frame      0x00000000001148a8       0x3c binaries/init.o
                                         0x54 (size before relaxing)
 .eh_frame      0x00000000001148e4       0xdc binaries/initialize.o
                                         0xf4 (size before relaxing)
 .eh_frame      0x00000000001149c0       0x24 binaries/insert.o
                                         0x3c (size before relaxing)
 .eh_frame      0x00000000001149e4       0x38 binaries/insertd.o
                                         0x50 (size before relaxing)
 .eh_frame      0x0000000000114a1c       0x14 binaries/ioerr.o
                                         0x2c (size before relaxing)
 .eh_frame      0x0000000000114a30       0x14 binaries/ionull.o
                                         0x2c (size before relaxing)
 .eh_frame      0x0000000000114a44       0x78 binaries/kill.o
                                         0x90 (size before relaxing)
 .eh_frame      0x0000000000114abc       0x80 binaries/kprintf.o
                                         0x98 (size before relaxing)
 .eh_frame      0x0000000000114b3c       0x2c binaries/main.o
                                         0x44 (size before relaxing)
 .eh_frame      0x0000000000114b68       0x4c binaries/mark.o
                                         0x64 (size before relaxing)
 .eh_frame      0x0000000000114bb4       0x74 binaries/meminit.o
                                         0x8c (size before relaxing)
 .eh_frame      0x0000000000114c28       0x74 binaries/mkbufpool.o
                                         0x8c (size before relaxing)
 .eh_frame      0x0000000000114c9c       0x14 binaries/newqueue.o
                                         0x2c (size before relaxing)
 .eh_frame      0x0000000000114cb0       0x44 binaries/open.o
                                         0x5c (size before relaxing)
 .eh_frame      0x0000000000114cf4       0x20 binaries/panic.o
                                         0x38 (size before relaxing)
 .eh_frame      0x0000000000114d14       0xec binaries/pci.o
                                        0x104 (size before relaxing)
 .eh_frame      0x0000000000114e00       0x38 binaries/platinit.o
                                         0x50 (size before relaxing)
 .eh_frame      0x0000000000114e38       0x68 binaries/ptclear.o
                                         0x80 (size before relaxing)
 .eh_frame      0x0000000000114ea0       0x50 binaries/ptcount.o
                                         0x68 (size before relaxing)
 .eh_frame      0x0000000000114ef0       0x60 binaries/ptcreate.o
                                         0x78 (size before relaxing)
 .eh_frame      0x0000000000114f50       0x44 binaries/ptdelete.o
                                         0x5c (size before relaxing)
 .eh_frame      0x0000000000114f94       0x3c binaries/ptinit.o
                                         0x54 (size before relaxing)
 .eh_frame      0x0000000000114fd0       0x54 binaries/ptrecv.o
                                         0x6c (size before relaxing)
 .eh_frame      0x0000000000115024       0x44 binaries/ptreset.o
                                         0x5c (size before relaxing)
 .eh_frame      0x0000000000115068       0x5c binaries/ptsend.o
                                         0x74 (size before relaxing)
 .eh_frame      0x00000000001150c4       0x44 binaries/putc.o
                                         0x5c (size before relaxing)
 .eh_frame      0x0000000000115108       0x60 binaries/quark_irq.o
                                         0x78 (size before relaxing)
 .eh_frame      0x0000000000115168       0xd0 binaries/quark_pdat.o
                                         0xe8 (size before relaxing)
 .eh_frame      0x0000000000115238       0x34 binaries/queue.o
                                         0x4c (size before relaxing)
 .eh_frame      0x000000000011526c       0x44 binaries/read.o
                                         0x5c (size before relaxing)
 .eh_frame      0x00000000001152b0       0x28 binaries/ready.o
                                         0x40 (size before relaxing)
 .eh_frame      0x00000000001152d8       0x58 binaries/receive.o
                                         0x70 (size before relaxing)
 .eh_frame      0x0000000000115330       0x68 binaries/recvcb.o
                                         0x80 (size before relaxing)
 .eh_frame      0x0000000000115398       0x74 binaries/recvcbslp.o
                                         0x8c (size before relaxing)
 .eh_frame      0x000000000011540c       0x30 binaries/recvclr.o
                                         0x48 (size before relaxing)
 .eh_frame      0x000000000011543c       0x30 binaries/recvproc.o
                                         0x48 (size before relaxing)
 .eh_frame      0x000000000011546c       0x74 binaries/recvslug.o
                                         0x8c (size before relaxing)
 .eh_frame      0x00000000001154e0       0x50 binaries/recvtime.o
                                         0x68 (size before relaxing)
 .eh_frame      0x0000000000115530       0x5c binaries/resched.o
                                         0x74 (size before relaxing)
 .eh_frame      0x000000000011558c       0x48 binaries/resume.o
                                         0x60 (size before relaxing)
 .eh_frame      0x00000000001155d4       0x40 binaries/seek.o
                                         0x58 (size before relaxing)
 .eh_frame      0x0000000000115614       0x34 binaries/semcount.o
                                         0x4c (size before relaxing)
 .eh_frame      0x0000000000115648       0x40 binaries/semcreate.o
                                         0x58 (size before relaxing)
 .eh_frame      0x0000000000115688       0x5c binaries/semdelete.o
                                         0x74 (size before relaxing)
 .eh_frame      0x00000000001156e4       0x68 binaries/semreset.o
                                         0x80 (size before relaxing)
 .eh_frame      0x000000000011574c       0x54 binaries/sendblk.o
                                         0x6c (size before relaxing)
 .eh_frame      0x00000000001157a0       0x34 binaries/sendblkproc.o
                                         0x4c (size before relaxing)
 .eh_frame      0x00000000001157d4       0x58 binaries/send.o
                                         0x70 (size before relaxing)
 .eh_frame      0x000000000011582c       0x50 binaries/senddone.o
                                         0x68 (size before relaxing)
 .eh_frame      0x000000000011587c       0x44 binaries/senddoneog.o
                                         0x5c (size before relaxing)
 .eh_frame      0x00000000001158c0       0x38 binaries/sendproc.o
                                         0x50 (size before relaxing)
 .eh_frame      0x00000000001158f8       0x50 binaries/signal.o
                                         0x68 (size before relaxing)
 .eh_frame      0x0000000000115948       0x5c binaries/signaln.o
                                         0x74 (size before relaxing)
 .eh_frame      0x00000000001159a4       0x74 binaries/sleep.o
                                         0x8c (size before relaxing)
 .eh_frame      0x0000000000115a18       0x50 binaries/suspend.o
                                         0x68 (size before relaxing)
 .eh_frame      0x0000000000115a68       0x44 binaries/unsleep.o
                                         0x5c (size before relaxing)
 .eh_frame      0x0000000000115aac       0x20 binaries/userret.o
                                         0x38 (size before relaxing)
 .eh_frame      0x0000000000115acc       0x50 binaries/wait.o
                                         0x68 (size before relaxing)
 .eh_frame      0x0000000000115b1c       0x2c binaries/wakeup.o
                                         0x44 (size before relaxing)
 .eh_frame      0x0000000000115b48       0x44 binaries/write.o
                                         0x5c (size before relaxing)
 .eh_frame      0x0000000000115b8c       0x1c binaries/xdone.o
                                         0x34 (size before relaxing)
 .eh_frame      0x0000000000115ba8       0x28 binaries/yield.o
                                         0x40 (size before relaxing)
 .eh_frame      0x0000000000115bd0       0x14 binaries/abs.o
                                         0x2c (size before relaxing)
 .eh_frame      0x0000000000115be4       0x24 binaries/atoi.o
                                         0x3c (size before relaxing)
 .eh_frame      0x0000000000115c08       0x24 binaries/atol.o
                                         0x3c (size before relaxing)
 .eh_frame      0x0000000000115c2c       0x14 binaries/bzero.o
                                         0x2c (size before relaxing)
 .eh_frame      0x0000000000115c40      0x130 binaries/doprnt.o
                                        0x148 (size before relaxing)
 .eh_frame      0x0000000000115d70      0x104 binaries/doscan.o
                                        0x11c (size before relaxing)
 .eh_frame      0x0000000000115e74       0xf4 binaries/fdoprnt.o
                                        0x10c (size before relaxing)
 .eh_frame      0x0000000000115f68       0x20 binaries/fgetc.o
                                         0x38 (size before relaxing)
 .eh_frame      0x0000000000115f88       0x44 binaries/fgets.o
                                         0x5c (size before relaxing)
 .eh_frame      0x0000000000115fcc       0x24 binaries/fprintf.o
                                         0x3c (size before relaxing)
 .eh_frame      0x0000000000115ff0       0x20 binaries/fputc.o
                                         0x38 (size before relaxing)
 .eh_frame      0x0000000000116010       0x38 binaries/fputs.o
                                         0x50 (size before relaxing)
 .eh_frame      0x0000000000116048       0x6c binaries/fscanf.o
                                         0x84 (size before relaxing)
 .eh_frame      0x00000000001160b4       0x1c binaries/getchar.o
                                         0x34 (size before relaxing)
 .eh_frame      0x00000000001160d0       0x14 binaries/labs.o
                                         0x2c (size before relaxing)
 .eh_frame      0x00000000001160e4       0x14 binaries/memchr.o
                                         0x2c (size before relaxing)
 .eh_frame      0x00000000001160f8       0x24 binaries/memcmp.o
                                         0x3c (size before relaxing)
 .eh_frame      0x000000000011611c       0x24 binaries/memcpy.o
                                         0x3c (size before relaxing)
 .eh_frame      0x0000000000116140       0x1c binaries/memset.o
                                         0x34 (size before relaxing)
 .eh_frame      0x000000000011615c       0x24 binaries/printf.o
                                         0x3c (size before relaxing)
 .eh_frame      0x0000000000116180       0x20 binaries/putchar.o
                                         0x38 (size before relaxing)
 .eh_frame      0x00000000001161a0       0xc0 binaries/qsort.o
                                         0xd8 (size before relaxing)
 .eh_frame      0x0000000000116260       0x28 binaries/rand.o
                                         0x40 (size before relaxing)
 .eh_frame      0x0000000000116288       0x48 binaries/sprintf.o
                                         0x60 (size before relaxing)
 .eh_frame      0x00000000001162d0       0x54 binaries/sscanf.o
                                         0x6c (size before relaxing)
 .eh_frame      0x0000000000116324       0x1c binaries/strchr.o
                                         0x34 (size before relaxing)
 .eh_frame      0x0000000000116340       0x1c binaries/strcmp.o
                                         0x34 (size before relaxing)
 .eh_frame      0x000000000011635c       0x14 binaries/strcpy.o
                                         0x2c (size before relaxing)
 .eh_frame      0x0000000000116370       0x14 binaries/strlen.o
                                         0x2c (size before relaxing)
 .eh_frame      0x0000000000116384       0x2c binaries/strncat.o
                                         0x44 (size before relaxing)
 .eh_frame      0x00000000001163b0       0x1c binaries/strncmp.o
                                         0x34 (size before relaxing)
 .eh_frame      0x00000000001163cc       0x30 binaries/strncpy.o
                                         0x48 (size before relaxing)
 .eh_frame      0x00000000001163fc       0x1c binaries/strnlen.o
                                         0x34 (size before relaxing)
 .eh_frame      0x0000000000116418       0x1c binaries/strrchr.o
                                         0x34 (size before relaxing)
 .eh_frame      0x0000000000116434       0x38 binaries/strstr.o
                                         0x50 (size before relaxing)
 .eh_frame      0x000000000011646c       0x48 binaries/ttycontrol.o
                                         0x60 (size before relaxing)
 .eh_frame      0x00000000001164b4       0x38 binaries/ttygetc.o
                                         0x50 (size before relaxing)
 .eh_frame      0x00000000001164ec       0xd8 binaries/ttyhandle_in.o
                                         0xf0 (size before relaxing)
 .eh_frame      0x00000000001165c4       0x64 binaries/ttyhandle_out.o
                                         0x7c (size before relaxing)
 .eh_frame      0x0000000000116628       0x54 binaries/ttyhandler.o
                                         0x6c (size before relaxing)
 .eh_frame      0x000000000011667c       0x48 binaries/ttyinit.o
                                         0x60 (size before relaxing)
 .eh_frame      0x00000000001166c4       0x14 binaries/ttykickout.o
                                         0x2c (size before relaxing)
 .eh_frame      0x00000000001166d8       0x58 binaries/ttyputc.o
                                         0x70 (size before relaxing)
 .eh_frame      0x0000000000116730       0x60 binaries/ttyread.o
                                         0x78 (size before relaxing)
 .eh_frame      0x0000000000116790       0x38 binaries/ttywrite.o
                                         0x50 (size before relaxing)
 .eh_frame      0x00000000001167c8       0x78 binaries/mount.o
                                         0x90 (size before relaxing)
 .eh_frame      0x0000000000116840       0xe4 binaries/naminit.o
                                         0xfc (size before relaxing)
 .eh_frame      0x0000000000116924       0xe8 binaries/nammap.o
                                        0x100 (size before relaxing)
 .eh_frame      0x0000000000116a0c       0x3c binaries/namopen.o
                                         0x54 (size before relaxing)
 .eh_frame      0x0000000000116a48       0x3c binaries/colon2mac.o
                                         0x54 (size before relaxing)
 .eh_frame      0x0000000000116a84       0x40 binaries/ethcontrol.o
                                         0x58 (size before relaxing)
 .eh_frame      0x0000000000116ac4       0x58 binaries/ethhandler.o
                                         0x70 (size before relaxing)
 .eh_frame      0x0000000000116b1c      0x14c binaries/ethinit.o
                                        0x164 (size before relaxing)
 .eh_frame      0x0000000000116c68       0xa0 binaries/ethmcast.o
                                         0xb8 (size before relaxing)
 .eh_frame      0x0000000000116d08       0x80 binaries/ethread.o
                                         0x98 (size before relaxing)
 .eh_frame      0x0000000000116d88       0x44 binaries/ethwrite.o
                                         0x5c (size before relaxing)
 .eh_frame      0x0000000000116dcc       0x30 binaries/rdsbufalloc.o
                                         0x48 (size before relaxing)
 .eh_frame      0x0000000000116dfc       0x38 binaries/rdsclose.o
                                         0x50 (size before relaxing)
 .eh_frame      0x0000000000116e34       0x8c binaries/rdscomm.o
                                         0xa4 (size before relaxing)
 .eh_frame      0x0000000000116ec0       0xb0 binaries/rdscontrol.o
                                         0xc8 (size before relaxing)
 .eh_frame      0x0000000000116f70       0x90 binaries/rdsinit.o
                                         0xa8 (size before relaxing)
 .eh_frame      0x0000000000117000       0x74 binaries/rdsopen.o
                                         0x8c (size before relaxing)
 .eh_frame      0x0000000000117074       0xf8 binaries/rdsprocess.o
                                        0x110 (size before relaxing)
 .eh_frame      0x000000000011716c       0x7c binaries/rdsread.o
                                         0x94 (size before relaxing)
 .eh_frame      0x00000000001171e8       0x80 binaries/rdswrite.o
                                         0x98 (size before relaxing)
 .eh_frame      0x0000000000117268       0x14 binaries/ramclose.o
                                         0x2c (size before relaxing)
 .eh_frame      0x000000000011727c       0x2c binaries/raminit.o
                                         0x44 (size before relaxing)
 .eh_frame      0x00000000001172a8       0x14 binaries/ramopen.o
                                         0x2c (size before relaxing)
 .eh_frame      0x00000000001172bc       0x20 binaries/ramread.o
                                         0x38 (size before relaxing)
 .eh_frame      0x00000000001172dc       0x20 binaries/ramwrite.o
                                         0x38 (size before relaxing)
 .eh_frame      0x00000000001172fc       0x64 binaries/lfdballoc.o
                                         0x7c (size before relaxing)
 .eh_frame      0x0000000000117360       0x40 binaries/lfdbfree.o
                                         0x58 (size before relaxing)
 .eh_frame      0x00000000001173a0       0x50 binaries/lfflush.o
                                         0x68 (size before relaxing)
 .eh_frame      0x00000000001173f0       0x14 binaries/lfgetmode.o
                                         0x2c (size before relaxing)
 .eh_frame      0x0000000000117404       0x44 binaries/lfiballoc.o
                                         0x5c (size before relaxing)
 .eh_frame      0x0000000000117448       0x14 binaries/lfibclear.o
                                         0x2c (size before relaxing)
 .eh_frame      0x000000000011745c       0x4c binaries/lfibget.o
                                         0x64 (size before relaxing)
 .eh_frame      0x00000000001174a8       0x68 binaries/lfibput.o
                                         0x80 (size before relaxing)
 .eh_frame      0x0000000000117510       0x4c binaries/lflclose.o
                                         0x64 (size before relaxing)
 .eh_frame      0x000000000011755c       0x68 binaries/lflcontrol.o
                                         0x80 (size before relaxing)
 .eh_frame      0x00000000001175c4       0x54 binaries/lflgetc.o
                                         0x6c (size before relaxing)
 .eh_frame      0x0000000000117618       0x50 binaries/lflinit.o
                                         0x68 (size before relaxing)
 .eh_frame      0x0000000000117668       0x68 binaries/lflputc.o
                                         0x80 (size before relaxing)
 .eh_frame      0x00000000001176d0       0x44 binaries/lflread.o
                                         0x5c (size before relaxing)
 .eh_frame      0x0000000000117714       0x50 binaries/lflseek.o
                                         0x68 (size before relaxing)
 .eh_frame      0x0000000000117764       0x48 binaries/lflwrite.o
                                         0x60 (size before relaxing)
 .eh_frame      0x00000000001177ac       0xc8 binaries/lfsckfmt.o
                                         0xe0 (size before relaxing)
 .eh_frame      0x0000000000117874       0xd4 binaries/lfscreate.o
                                         0xec (size before relaxing)
 .eh_frame      0x0000000000117948       0xbc binaries/lfsetup.o
                                         0xd4 (size before relaxing)
 .eh_frame      0x0000000000117a04       0x28 binaries/lfsinit.o
                                         0x40 (size before relaxing)
 .eh_frame      0x0000000000117a2c       0x90 binaries/lfsopen.o
                                         0xa8 (size before relaxing)
 .eh_frame      0x0000000000117abc       0x84 binaries/lftruncate.o
                                         0x9c (size before relaxing)
 .eh_frame      0x0000000000117b40       0x30 binaries/rflclose.o
                                         0x48 (size before relaxing)
 .eh_frame      0x0000000000117b70       0x24 binaries/rflgetc.o
                                         0x3c (size before relaxing)
 .eh_frame      0x0000000000117b94       0x1c binaries/rflinit.o
                                         0x34 (size before relaxing)
 .eh_frame      0x0000000000117bb0       0x24 binaries/rflputc.o
                                         0x3c (size before relaxing)
 .eh_frame      0x0000000000117bd4       0xd8 binaries/rflread.o
                                         0xf0 (size before relaxing)
 .eh_frame      0x0000000000117cac       0x30 binaries/rflseek.o
                                         0x48 (size before relaxing)
 .eh_frame      0x0000000000117cdc       0xcc binaries/rflwrite.o
                                         0xe4 (size before relaxing)
 .eh_frame      0x0000000000117da8       0x88 binaries/rfscomm.o
                                         0xa0 (size before relaxing)
 .eh_frame      0x0000000000117e30      0x110 binaries/rfscontrol.o
                                        0x128 (size before relaxing)
 .eh_frame      0x0000000000117f40       0x14 binaries/rfsgetmode.o
[...]
 .comment       0x0000000000000034       0x35 binaries/xsh_arp.o
 .comment       0x0000000000000034       0x35 binaries/xsh_cat.o
 .comment       0x0000000000000034       0x35 binaries/xsh_clear.o
 .comment       0x0000000000000034       0x35 binaries/xsh_date.o
 .comment       0x0000000000000034       0x35 binaries/xsh_devdump.o
 .comment       0x0000000000000034       0x35 binaries/xsh_echo.o
 .comment       0x0000000000000034       0x35 binaries/xsh_exit.o
 .comment       0x0000000000000034       0x35 binaries/xsh_help.o
 .comment       0x0000000000000034       0x35 binaries/xsh_ipaddr.o
 .comment       0x0000000000000034       0x35 binaries/xsh_kill.o
 .comment       0x0000000000000034       0x35 binaries/xsh_memdump.o
 .comment       0x0000000000000034       0x35 binaries/xsh_memstat.o
 .comment       0x0000000000000034       0x35 binaries/xsh_ping.o
 .comment       0x0000000000000034       0x35 binaries/xsh_ps.o
 .comment       0x0000000000000034       0x35 binaries/xsh_sleep.o
 .comment       0x0000000000000034       0x35 binaries/xsh_udpdump.o
 .comment       0x0000000000000034       0x35 binaries/xsh_udpecho.o
 .comment       0x0000000000000034       0x35 binaries/xsh_udpeserver.o
 .comment       0x0000000000000034       0x35 binaries/xsh_uptime.o

.note.GNU-stack
                0x0000000000000000        0x0
 .note.GNU-stack
                0x0000000000000000        0x0 binaries/ascdate.o
 .note.GNU-stack
                0x0000000000000000        0x0 binaries/bufinit.o
 .note.GNU-stack
                0x0000000000000000        0x0 binaries/cbhandler.o
 .note.GNU-stack
                0x0000000000000000        0x0 binaries/cbreg.o
 .note.GNU-stack
                0x0000000000000000        0x0 binaries/chprio.o
 .note.GNU-stack
                0x0000000000000000        0x0 binaries/clkhandler.o
 .note.GNU-stack
                0x0000000000000000        0x0 binaries/clkinit.o
 .note.GNU-stack
                0x0000000000000000        0x0 binaries/close.o
 .note.GNU-stack
                0x0000000000000000        0x0 binaries/conf.o
 .note.GNU-stack
                0x0000000000000000        0x0 binaries/control.o
 .note.GNU-stack
                0x0000000000000000        0x0 binaries/create.o
 .note.GNU-stack
                0x0000000000000000        0x0 binaries/early_imr.o
 .note.GNU-stack
                0x0000000000000000        0x0 binaries/evec.o
 .note.GNU-stack
                0x0000000000000000        0x0 binaries/freebuf.o
 .note.GNU-stack
                0x0000000000000000        0x0 binaries/freemem.o
 .note.GNU-stack
                0x0000000000000000        0x0 binaries/getbuf.o
 .note.GNU-stack
                0x0000000000000000        0x0 binaries/getc.o
 .note.GNU-stack
                0x0000000000000000        0x0 binaries/getdev.o
 .note.GNU-stack
                0x0000000000000000        0x0 binaries/getitem.o
 .note.GNU-stack
                0x0000000000000000        0x0 binaries/getmem.o
 .note.GNU-stack
                0x0000000000000000        0x0 binaries/getpid.o
 .note.GNU-stack
                0x0000000000000000        0x0 binaries/getprio.o
 .note.GNU-stack
                0x0000000000000000        0x0 binaries/getstk.o
 .note.GNU-stack
                0x0000000000000000        0x0 binaries/gettime.o
 .note.GNU-stack
                0x0000000000000000        0x0 binaries/getutime.o
 .note.GNU-stack
                0x0000000000000000        0x0 binaries/init.o
 .note.GNU-stack
                0x0000000000000000        0x0 binaries/initialize.o
 .note.GNU-stack
                0x0000000000000000        0x0 binaries/insert.o
 .note.GNU-stack
                0x0000000000000000        0x0 binaries/insertd.o
 .note.GNU-stack
                0x0000000000000000        0x0 binaries/ioerr.o
 .note.GNU-stack
                0x0000000000000000        0x0 binaries/ionull.o
 .note.GNU-stack
                0x0000000000000000        0x0 binaries/kill.o
 .note.GNU-stack
                0x0000000000000000        0x0 binaries/kprintf.o
 .note.GNU-stack
                0x0000000000000000        0x0 binaries/main.o
 .note.GNU-stack
                0x0000000000000000        0x0 binaries/mark.o
 .note.GNU-stack
                0x0000000000000000        0x0 binaries/meminit.o
 .note.GNU-stack
                0x0000000000000000        0x0 binaries/mkbufpool.o
 .note.GNU-stack
                0x0000000000000000        0x0 binaries/newqueue.o
 .note.GNU-stack
                0x0000000000000000        0x0 binaries/open.o
 .note.GNU-stack
                0x0000000000000000        0x0 binaries/panic.o
 .note.GNU-stack
                0x0000000000000000        0x0 binaries/pci.o
 .note.GNU-stack
                0x0000000000000000        0x0 binaries/platinit.o
 .note.GNU-stack
                0x0000000000000000        0x0 binaries/ptclear.o
 .note.GNU-stack
                0x0000000000000000        0x0 binaries/ptcount.o
 .note.GNU-stack
                0x0000000000000000        0x0 binaries/ptcreate.o
 .note.GNU-stack
                0x0000000000000000        0x0 binaries/ptdelete.o
 .note.GNU-stack
                0x0000000000000000        0x0 binaries/ptinit.o
 .note.GNU-stack
                0x0000000000000000        0x0 binaries/ptrecv.o
 .note.GNU-stack
                0x0000000000000000        0x0 binaries/ptreset.o
 .note.GNU-stack
                0x0000000000000000        0x0 binaries/ptsend.o
 .note.GNU-stack
                0x0000000000000000        0x0 binaries/putc.o
 .note.GNU-stack
                0x0000000000000000        0x0 binaries/quark_irq.o
 .note.GNU-stack
                0x0000000000000000        0x0 binaries/quark_pdat.o
 .note.GNU-stack
                0x0000000000000000        0x0 binaries/queue.o
 .note.GNU-stack
                0x0000000000000000        0x0 binaries/read.o
 .note.GNU-stack
                0x0000000000000000        0x0 binaries/ready.o
 .note.GNU-stack
                0x0000000000000000        0x0 binaries/receive.o
 .note.GNU-stack
                0x0000000000000000        0x0 binaries/recvcb.o
 .note.GNU-stack
                0x0000000000000000        0x0 binaries/recvcbslp.o
 .note.GNU-stack
                0x0000000000000000        0x0 binaries/recvclr.o
 .note.GNU-stack
                0x0000000000000000        0x0 binaries/recvproc.o
 .note.GNU-stack
                0x0000000000000000        0x0 binaries/recvslug.o
 .note.GNU-stack
                0x0000000000000000        0x0 binaries/recvtime.o
 .note.GNU-stack
                0x0000000000000000        0x0 binaries/resched.o
 .note.GNU-stack
                0x0000000000000000        0x0 binaries/resume.o
 .note.GNU-stack
                0x0000000000000000        0x0 binaries/seek.o
 .note.GNU-stack
                0x0000000000000000        0x0 binaries/semcount.o
 .note.GNU-stack
                0x0000000000000000        0x0 binaries/semcreate.o
 .note.GNU-stack
                0x0000000000000000        0x0 binaries/semdelete.o
 .note.GNU-stack
                0x0000000000000000        0x0 binaries/semreset.o
 .note.GNU-stack
                0x0000000000000000        0x0 binaries/sendblk.o
 .note.GNU-stack
                0x0000000000000000        0x0 binaries/sendblkproc.o
 .note.GNU-stack
                0x0000000000000000        0x0 binaries/send.o
 .note.GNU-stack
                0x0000000000000000        0x0 binaries/senddone.o
 .note.GNU-stack
                0x0000000000000000        0x0 binaries/senddoneog.o
 .note.GNU-stack
                0x0000000000000000        0x0 binaries/sendproc.o
 .note.GNU-stack
                0x0000000000000000        0x0 binaries/signal.o
 .note.GNU-stack
                0x0000000000000000        0x0 binaries/signaln.o
 .note.GNU-stack
                0x0000000000000000        0x0 binaries/sleep.o
 .note.GNU-stack
                0x0000000000000000        0x0 binaries/suspend.o
 .note.GNU-stack
                0x0000000000000000        0x0 binaries/unsleep.o
 .note.GNU-stack
                0x0000000000000000        0x0 binaries/userret.o
 .note.GNU-stack
                0x0000000000000000        0x0 binaries/wait.o
 .note.GNU-stack
                0x0000000000000000        0x0 binaries/wakeup.o
 .note.GNU-stack
                0x0000000000000000        0x0 binaries/write.o
 .note.GNU-stack
                0x0000000000000000        0x0 binaries/xdone.o
 .note.GNU-stack
                0x0000000000000000        0x0 binaries/yield.o
 .note.GNU-stack
                0x0000000000000000        0x0 binaries/abs.o
 .note.GNU-stack
                0x0000000000000000        0x0 binaries/atoi.o
 .note.GNU-stack
                0x0000000000000000        0x0 binaries/atol.o
 .note.GNU-stack
                0x0000000000000000        0x0 binaries/bzero.o
 .note.GNU-stack
                0x0000000000000000        0x0 binaries/ctype_.o
 .note.GNU-stack
                0x0000000000000000        0x0 binaries/doprnt.o
 .note.GNU-stack
                0x0000000000000000        0x0 binaries/doscan.o
 .note.GNU-stack
                0x0000000000000000        0x0 binaries/fdoprnt.o
 .note.GNU-stack
                0x0000000000000000        0x0 binaries/fgetc.o
 .note.GNU-stack
                0x0000000000000000        0x0 binaries/fgets.o
 .note.GNU-stack
                0x0000000000000000        0x0 binaries/fprintf.o
 .note.GNU-stack
                0x0000000000000000        0x0 binaries/fputc.o
 .note.GNU-stack
                0x0000000000000000        0x0 binaries/fputs.o
 .note.GNU-stack
                0x0000000000000000        0x0 binaries/fscanf.o
 .note.GNU-stack
                0x0000000000000000        0x0 binaries/getchar.o
 .note.GNU-stack
                0x0000000000000000        0x0 binaries/labs.o
 .note.GNU-stack
                0x0000000000000000        0x0 binaries/memchr.o
 .note.GNU-stack
                0x0000000000000000        0x0 binaries/memcmp.o
 .note.GNU-stack
                0x0000000000000000        0x0 binaries/memcpy.o
 .note.GNU-stack
                0x0000000000000000        0x0 binaries/memset.o
 .note.GNU-stack
                0x0000000000000000        0x0 binaries/printf.o
 .note.GNU-stack
                0x0000000000000000        0x0 binaries/putchar.o
 .note.GNU-stack
                0x0000000000000000        0x0 binaries/qsort.o
 .note.GNU-stack
                0x0000000000000000        0x0 binaries/rand.o
 .note.GNU-stack
                0x0000000000000000        0x0 binaries/sprintf.o
 .note.GNU-stack
                0x0000000000000000        0x0 binaries/sscanf.o
 .note.GNU-stack
                0x0000000000000000        0x0 binaries/strchr.o
 .note.GNU-stack
                0x0000000000000000        0x0 binaries/strcmp.o
 .note.GNU-stack
                0x0000000000000000        0x0 binaries/strcpy.o
 .note.GNU-stack
                0x0000000000000000        0x0 binaries/strlen.o
 .note.GNU-stack
                0x0000000000000000        0x0 binaries/strncat.o
 .note.GNU-stack
                0x0000000000000000        0x0 binaries/strncmp.o
 .note.GNU-stack
                0x0000000000000000        0x0 binaries/strncpy.o
 .note.GNU-stack
                0x0000000000000000        0x0 binaries/strnlen.o
 .note.GNU-stack
                0x0000000000000000        0x0 binaries/strrchr.o
 .note.GNU-stack
                0x0000000000000000        0x0 binaries/strstr.o
 .note.GNU-stack
                0x0000000000000000        0x0 binaries/ttycontrol.o
 .note.GNU-stack
                0x0000000000000000        0x0 binaries/ttygetc.o
 .note.GNU-stack
                0x0000000000000000        0x0 binaries/ttyhandle_in.o
 .note.GNU-stack
                0x0000000000000000        0x0 binaries/ttyhandle_out.o
 .note.GNU-stack
                0x0000000000000000        0x0 binaries/ttyhandler.o
 .note.GNU-stack
                0x0000000000000000        0x0 binaries/ttyinit.o
 .note.GNU-stack
                0x0000000000000000        0x0 binaries/ttykickout.o
 .note.GNU-stack
                0x0000000000000000        0x0 binaries/ttyputc.o
 .note.GNU-stack
                0x0000000000000000        0x0 binaries/ttyread.o
 .note.GNU-stack
                0x0000000000000000        0x0 binaries/ttywrite.o
 .note.GNU-stack
                0x0000000000000000        0x0 binaries/mount.o
 .note.GNU-stack
                0x0000000000000000        0x0 binaries/naminit.o
 .note.GNU-stack
                0x0000000000000000        0x0 binaries/nammap.o
 .note.GNU-stack
                0x0000000000000000        0x0 binaries/namopen.o
 .note.GNU-stack
                0x0000000000000000        0x0 binaries/colon2mac.o
 .note.GNU-stack
                0x0000000000000000        0x0 binaries/ethcontrol.o
 .note.GNU-stack
                0x0000000000000000        0x0 binaries/ethhandler.o
 .note.GNU-stack
                0x0000000000000000        0x0 binaries/ethinit.o
 .note.GNU-stack
                0x0000000000000000        0x0 binaries/ethmcast.o
 .note.GNU-stack
                0x0000000000000000        0x0 binaries/ethread.o
 .note.GNU-stack
                0x0000000000000000        0x0 binaries/ethwrite.o
 .note.GNU-stack
                0x0000000000000000        0x0 binaries/rdsbufalloc.o
 .note.GNU-stack
                0x0000000000000000        0x0 binaries/rdsclose.o
 .note.GNU-stack
                0x0000000000000000        0x0 binaries/rdscomm.o
 .note.GNU-stack
                0x0000000000000000        0x0 binaries/rdscontrol.o
 .note.GNU-stack
                0x0000000000000000        0x0 binaries/rdsinit.o
 .note.GNU-stack
                0x0000000000000000        0x0 binaries/rdsopen.o
 .note.GNU-stack
                0x0000000000000000        0x0 binaries/rdsprocess.o
 .note.GNU-stack
                0x0000000000000000        0x0 binaries/rdsread.o
 .note.GNU-stack
                0x0000000000000000        0x0 binaries/rdswrite.o
 .note.GNU-stack
                0x0000000000000000        0x0 binaries/ramclose.o
 .note.GNU-stack
                0x0000000000000000        0x0 binaries/raminit.o
 .note.GNU-stack
                0x0000000000000000        0x0 binaries/ramopen.o
 .note.GNU-stack
                0x0000000000000000        0x0 binaries/ramread.o
 .note.GNU-stack
                0x0000000000000000        0x0 binaries/ramwrite.o
 .note.GNU-stack
                0x0000000000000000        0x0 binaries/lfdballoc.o
 .note.GNU-stack
                0x0000000000000000        0x0 binaries/lfdbfree.o
 .note.GNU-stack
                0x0000000000000000        0x0 binaries/lfflush.o
 .note.GNU-stack
                0x0000000000000000        0x0 binaries/lfgetmode.o
 .note.GNU-stack
                0x0000000000000000        0x0 binaries/lfiballoc.o
 .note.GNU-stack
                0x0000000000000000        0x0 binaries/lfibclear.o
 .note.GNU-stack
                0x0000000000000000        0x0 binaries/lfibget.o
 .note.GNU-stack
                0x0000000000000000        0x0 binaries/lfibput.o
 .note.GNU-stack
                0x0000000000000000        0x0 binaries/lflclose.o
 .note.GNU-stack
                0x0000000000000000        0x0 binaries/lflcontrol.o
 .note.GNU-stack
                0x0000000000000000        0x0 binaries/lflgetc.o
 .note.GNU-stack
                0x0000000000000000        0x0 binaries/lflinit.o
 .note.GNU-stack
                0x0000000000000000        0x0 binaries/lflputc.o
 .note.GNU-stack
                0x0000000000000000        0x0 binaries/lflread.o
 .note.GNU-stack
                0x0000000000000000        0x0 binaries/lflseek.o
 .note.GNU-stack
                0x0000000000000000        0x0 binaries/lflwrite.o
 .note.GNU-stack
                0x0000000000000000        0x0 binaries/lfsckfmt.o
 .note.GNU-stack
                0x0000000000000000        0x0 binaries/lfscreate.o
 .note.GNU-stack
                0x0000000000000000        0x0 binaries/lfsetup.o
 .note.GNU-stack
                0x0000000000000000        0x0 binaries/lfsinit.o
 .note.GNU-stack
                0x0000000000000000        0x0 binaries/lfsopen.o
 .note.GNU-stack
                0x0000000000000000        0x0 binaries/lftruncate.o
 .note.GNU-stack
                0x0000000000000000        0x0 binaries/rflclose.o
 .note.GNU-stack
                0x0000000000000000        0x0 binaries/rflgetc.o
 .note.GNU-stack
                0x0000000000000000        0x0 binaries/rflinit.o
 .note.GNU-stack
                0x0000000000000000        0x0 binaries/rflputc.o
 .note.GNU-stack
                0x0000000000000000        0x0 binaries/rflread.o
 .note.GNU-stack
                0x0000000000000000        0x0 binaries/rflseek.o
 .note.GNU-stack
                0x0000000000000000        0x0 binaries/rflwrite.o
 .note.GNU-stack
                0x0000000000000000        0x0 binaries/rfscomm.o
 .note.GNU-stack
                0x0000000000000000        0x0 binaries/rfscontrol.o
 .note.GNU-stack
                0x0000000000000000        0x0 binaries/rfsgetmode.o
 .note.GNU-stack
                0x0000000000000000        0x0 binaries/rfsinit.o
 .note.GNU-stack
                0x0000000000000000        0x0 binaries/rfsndmsg.o
 .note.GNU-stack
                0x0000000000000000        0x0 binaries/rfsopen.o
 .note.GNU-stack
                0x0000000000000000        0x0 binaries/arp.o
 .note.GNU-stack
                0x0000000000000000        0x0 binaries/dhcp.o
 .note.GNU-stack
                0x0000000000000000        0x0 binaries/dot2ip.o
 .note.GNU-stack
                0x0000000000000000        0x0 binaries/hexdump.o
 .note.GNU-stack
                0x0000000000000000        0x0 binaries/icmp.o
 .note.GNU-stack
                0x0000000000000000        0x0 binaries/ip.o
 .note.GNU-stack
                0x0000000000000000        0x0 binaries/net.o
 .note.GNU-stack
                0x0000000000000000        0x0 binaries/netstart.o
 .note.GNU-stack
                0x0000000000000000        0x0 binaries/pdump.o
 .note.GNU-stack
                0x0000000000000000        0x0 binaries/tftp.o
 .note.GNU-stack
                0x0000000000000000        0x0 binaries/udp.o
 .note.GNU-stack
                0x0000000000000000        0x0 binaries/addargs.o
 .note.GNU-stack
                0x0000000000000000        0x0 binaries/lexan.o
 .note.GNU-stack
                0x0000000000000000        0x0 binaries/shell.o
 .note.GNU-stack
                0x0000000000000000        0x0 binaries/xsh_argecho.o
 .note.GNU-stack
                0x0000000000000000        0x0 binaries/xsh_arp.o
 .note.GNU-stack
                0x0000000000000000        0x0 binaries/xsh_cat.o
 .note.GNU-stack
                0x0000000000000000        0x0 binaries/xsh_clear.o
 .note.GNU-stack
                0x0000000000000000        0x0 binaries/xsh_date.o
 .note.GNU-stack
                0x0000000000000000        0x0 binaries/xsh_devdump.o
 .note.GNU-stack
                0x0000000000000000        0x0 binaries/xsh_echo.o
 .note.GNU-stack
                0x0000000000000000        0x0 binaries/xsh_exit.o
 .note.GNU-stack
                0x0000000000000000        0x0 binaries/xsh_help.o
 .note.GNU-stack
                0x0000000000000000        0x0 binaries/xsh_ipaddr.o
 .note.GNU-stack
                0x0000000000000000        0x0 binaries/xsh_kill.o
 .note.GNU-stack
                0x0000000000000000        0x0 binaries/xsh_memdump.o
 .note.GNU-stack
                0x0000000000000000        0x0 binaries/xsh_memstat.o
 .note.GNU-stack
                0x0000000000000000        0x0 binaries/xsh_ping.o
 .note.GNU-stack
                0x0000000000000000        0x0 binaries/xsh_ps.o
 .note.GNU-stack
                0x0000000000000000        0x0 binaries/xsh_sleep.o
 .note.GNU-stack
                0x0000000000000000        0x0 binaries/xsh_udpdump.o
 .note.GNU-stack
                0x0000000000000000        0x0 binaries/xsh_udpecho.o
 .note.GNU-stack
                0x0000000000000000        0x0 binaries/xsh_udpeserver.o
 .note.GNU-stack
                0x0000000000000000        0x0 binaries/xsh_uptime.o
